V3 3
FL D:/Xilinx/T_FF/T_FF_vhdl.vhd 2019/10/06.23:18:15 I.24
EN work/T_FF_vhdl 1570384140       FL D:/Xilinx/T_FF/T_FF_vhdl.vhd PB ieee/std_logic_1164 1131108373 \
      PB ieee/std_logic_arith 1131108375 PB ieee/STD_LOGIC_UNSIGNED 1131108379
AR work/T_FF_vhdl/Behavioral 1570384141 FL D:/Xilinx/T_FF/T_FF_vhdl.vhd EN work/T_FF_vhdl 1570384140
