AR decoder3_8vhdl behavioral C:/Xilinx/DECODER3_8/DECODER3_8VHDL.vhd sub00/vhpl01 1570346466
EN decoder3_8vhdl NULL C:/Xilinx/DECODER3_8/DECODER3_8VHDL.vhd sub00/vhpl00 1570346465
AR decoder3_8wave testbench_arch C:/Xilinx/DECODER3_8/DECODER3_8WAVE.vhw sub00/vhpl03 1570346468
EN decoder3_8wave NULL C:/Xilinx/DECODER3_8/DECODER3_8WAVE.vhw sub00/vhpl02 1570346467
