AR hs_and dataflow D:/Xilinx/Half_Subtractor_Structural/Half_Subtractor_Structural_vhdl.vhd sub00/vhpl03 1570354931
AR hs_xor dataflow D:/Xilinx/Half_Subtractor_Structural/Half_Subtractor_Structural_vhdl.vhd sub00/vhpl01 1570354929
EN half_subtractor_structural_vhdl NULL D:/Xilinx/Half_Subtractor_Structural/Half_Subtractor_Structural_vhdl.vhd sub00/vhpl04 1570354932
AR half_subtractor_structural_vhdl structural D:/Xilinx/Half_Subtractor_Structural/Half_Subtractor_Structural_vhdl.vhd sub00/vhpl05 1570354933
EN hs_and NULL D:/Xilinx/Half_Subtractor_Structural/Half_Subtractor_Structural_vhdl.vhd sub00/vhpl02 1570354930
EN hs_xor NULL D:/Xilinx/Half_Subtractor_Structural/Half_Subtractor_Structural_vhdl.vhd sub00/vhpl00 1570354928
