V3 3
FL D:/Xilinx/Half_Subtractor_Dataflow/Half_Subtractor_Dataflow_vhdl.vhd 2019/10/06.14:55:39 I.24
EN work/Half_Subtractor_Dataflow_vhdl 1570353986 \
      FL D:/Xilinx/Half_Subtractor_Dataflow/Half_Subtractor_Dataflow_vhdl.vhd \
      PB ieee/std_logic_1164 1131108373 PB ieee/std_logic_arith 1131108375 \
      PB ieee/STD_LOGIC_UNSIGNED 1131108379
AR work/Half_Subtractor_Dataflow_vhdl/DATAFLOW 1570353987 \
      FL D:/Xilinx/Half_Subtractor_Dataflow/Half_Subtractor_Dataflow_vhdl.vhd \
      EN work/Half_Subtractor_Dataflow_vhdl 1570353986
