EN jk_ff_vhdl NULL D:/Xilinx/JK_FF/JK_FF_vhdl.vhd sub00/vhpl00 1570383379
AR jk_ff_vhdl behavioral D:/Xilinx/JK_FF/JK_FF_vhdl.vhd sub00/vhpl01 1570383380
EN jk_ff_wave NULL D:/Xilinx/JK_FF/JK_FF_wave.vhw sub00/vhpl02 1570383599
AR jk_ff_wave testbench_arch D:/Xilinx/JK_FF/JK_FF_wave.vhw sub00/vhpl03 1570383600
