V3 3
FL D:/Xilinx/Synchronus_3bit_Counter/Synchronus_3bit_Counter_vhdl.vhd 2019/10/06.23:55:27 I.24
EN work/Synchronus_3bit_Counter_vhdl 1570386334 \
      FL D:/Xilinx/Synchronus_3bit_Counter/Synchronus_3bit_Counter_vhdl.vhd \
      PB ieee/std_logic_1164 1131108373 PB ieee/std_logic_arith 1131108375 \
      PB ieee/STD_LOGIC_UNSIGNED 1131108379
AR work/Synchronus_3bit_Counter_vhdl/Behavioral 1570386335 \
      FL D:/Xilinx/Synchronus_3bit_Counter/Synchronus_3bit_Counter_vhdl.vhd \
      EN work/Synchronus_3bit_Counter_vhdl 1570386334
