AR fs_or dataflow D:/Xilinx/Full_Subtrator_Structural/Full_Subtrator_Structural_vhdl.vhd sub00/vhpl05 1570310567
AR fs_and dataflow D:/Xilinx/Full_Subtrator_Structural/Full_Subtrator_Structural_vhdl.vhd sub00/vhpl03 1570310565
EN full_subtrator_structural_vhdl NULL D:/Xilinx/Full_Subtrator_Structural/Full_Subtrator_Structural_vhdl.vhd sub00/vhpl06 1570310568
AR fs_xor dataflow D:/Xilinx/Full_Subtrator_Structural/Full_Subtrator_Structural_vhdl.vhd sub00/vhpl01 1570310563
EN fs_and NULL D:/Xilinx/Full_Subtrator_Structural/Full_Subtrator_Structural_vhdl.vhd sub00/vhpl02 1570310564
EN fs_xor NULL D:/Xilinx/Full_Subtrator_Structural/Full_Subtrator_Structural_vhdl.vhd sub00/vhpl00 1570310562
EN fs_or NULL D:/Xilinx/Full_Subtrator_Structural/Full_Subtrator_Structural_vhdl.vhd sub00/vhpl04 1570310566
AR full_subtrator_structural_vhdl behavioral D:/Xilinx/Full_Subtrator_Structural/Full_Subtrator_Structural_vhdl.vhd sub00/vhpl07 1570310569
