EN jk_ff NULL D:/Xilinx/Synchronus_4_counter_Structural/Synchronus_4_counter_Structural_Vhdl.vhd sub00/vhpl00 1570544020
AR synchronus_4_counter_structural_wave testbench_arch D:/Xilinx/Synchronus_4_counter_Structural/Synchronus_4_counter_Structural_Wave.vhw sub00/vhpl05 1570544025
EN synchronus_4_counter_structural_vhdl NULL D:/Xilinx/Synchronus_4_counter_Structural/Synchronus_4_counter_Structural_Vhdl.vhd sub00/vhpl02 1570544022
EN synchronus_4_counter_structural_wave NULL D:/Xilinx/Synchronus_4_counter_Structural/Synchronus_4_counter_Structural_Wave.vhw sub00/vhpl04 1570544024
AR synchronus_4_counter_structural_vhdl structural D:/Xilinx/Synchronus_4_counter_Structural/Synchronus_4_counter_Structural_Vhdl.vhd sub00/vhpl03 1570544023
AR jk_ff behavioral D:/Xilinx/Synchronus_4_counter_Structural/Synchronus_4_counter_Structural_Vhdl.vhd sub00/vhpl01 1570544021
