V3 9
FL D:/Xilinx/JK_FF/JK_FF_vhdl.vhd 2019/10/06.23:05:00 I.24
EN work/JK_FF_vhdl 1570542922      FL D:/Xilinx/JK_FF/JK_FF_vhdl.vhd PB ieee/std_logic_1164 1131108373 \
      PB ieee/std_logic_arith 1131108375 PB ieee/STD_LOGIC_UNSIGNED 1131108379
AR work/JK_FF_vhdl/Behavioral 1570542923 FL D:/Xilinx/JK_FF/JK_FF_vhdl.vhd \
      EN work/JK_FF_vhdl 1570542922
FL D:/Xilinx/Asynchronus_Struc_Counter/Asynchronus_Struc_Counter_vhdl.vhd 2019/10/08.19:25:43 I.24
EN work/JK_FF 1570542995 \
      FL D:/Xilinx/Asynchronus_Struc_Counter/Asynchronus_Struc_Counter_vhdl.vhd \
      PB ieee/std_logic_1164 1131108373 PB ieee/std_logic_arith 1131108375 \
      PB ieee/STD_LOGIC_UNSIGNED 1131108379
AR work/JK_FF/Behavioral 1570542996 \
      FL D:/Xilinx/Asynchronus_Struc_Counter/Asynchronus_Struc_Counter_vhdl.vhd \
      EN work/JK_FF 1570542995
EN work/Asynchronus_Struc_Counter_vhdl 1570542997 \
      FL D:/Xilinx/Asynchronus_Struc_Counter/Asynchronus_Struc_Counter_vhdl.vhd \
      PB ieee/std_logic_1164 1131108373 PB ieee/std_logic_arith 1131108375 \
      PB ieee/STD_LOGIC_UNSIGNED 1131108379
AR work/Asynchronus_Struc_Counter_vhdl/STRUCTURAL 1570542998 \
      FL D:/Xilinx/Asynchronus_Struc_Counter/Asynchronus_Struc_Counter_vhdl.vhd \
      EN work/Asynchronus_Struc_Counter_vhdl 1570542997 CP JK_FF
