V3 3
FL D:/Xilinx/Full_Subtrator_Behavioral/Full_Subtrator_Behavioral_vhdl.vhd 2019/10/06.02:28:42 I.24
EN work/Full_Subtrator_Behavioral_vhdl 1570309262 \
      FL D:/Xilinx/Full_Subtrator_Behavioral/Full_Subtrator_Behavioral_vhdl.vhd \
      PB ieee/std_logic_1164 1131108373 PB ieee/std_logic_arith 1131108375 \
      PB ieee/STD_LOGIC_UNSIGNED 1131108379
AR work/Full_Subtrator_Behavioral_vhdl/Behavioral 1570309263 \
      FL D:/Xilinx/Full_Subtrator_Behavioral/Full_Subtrator_Behavioral_vhdl.vhd \
      EN work/Full_Subtrator_Behavioral_vhdl 1570309262
