EN jk_ff NULL D:/Xilinx/Synchronus_4_counter_Structural/Synchronus_4_counter_Structural_Vhdl.vhd sub00/vhpl00 1570543979
EN synchronus_4_counter_structural_vhdl NULL D:/Xilinx/Synchronus_4_counter_Structural/Synchronus_4_counter_Structural_Vhdl.vhd sub00/vhpl02 1570543981
AR synchronus_4_counter_structural_vhdl structural D:/Xilinx/Synchronus_4_counter_Structural/Synchronus_4_counter_Structural_Vhdl.vhd sub00/vhpl03 1570543982
AR jk_ff behavioral D:/Xilinx/Synchronus_4_counter_Structural/Synchronus_4_counter_Structural_Vhdl.vhd sub00/vhpl01 1570543980
