V3 3
FL D:/Xilinx/D_FF/D_FF_vhdl.vhd 2019/10/06.22:52:44 I.24
EN work/D_FF_vhdl 1570436650       FL D:/Xilinx/D_FF/D_FF_vhdl.vhd PB ieee/std_logic_1164 1131108373 \
      PB ieee/std_logic_arith 1131108375 PB ieee/STD_LOGIC_UNSIGNED 1131108379
AR work/D_FF_vhdl/Behavioral 1570436651 FL D:/Xilinx/D_FF/D_FF_vhdl.vhd EN work/D_FF_vhdl 1570436650
