V3 3
FL $XILINX/Full_Adder_Dataflow/Full_Adder_Dataflow_vhdl.vhd 2019/10/05.23:44:25 I.24
EN work/Full_Adder_Dataflow_vhdl 1570299370 \
      FL $XILINX/Full_Adder_Dataflow/Full_Adder_Dataflow_vhdl.vhd \
      PB ieee/std_logic_1164 1131108373 PB ieee/std_logic_arith 1131108375 \
      PB ieee/STD_LOGIC_UNSIGNED 1131108379
AR work/Full_Adder_Dataflow_vhdl/Behavioral 1570299371 \
      FL $XILINX/Full_Adder_Dataflow/Full_Adder_Dataflow_vhdl.vhd \
      EN work/Full_Adder_Dataflow_vhdl 1570299370
