V3 7
FL D:/Xilinx/Half_Subtractor_Dataflow/Half_Subtractor_Dataflow_Wave.vhw 2019/10/06.14:56:36 I.24
EN work/Half_Subtractor_Dataflow_Wave 1570354018 \
      FL D:/Xilinx/Half_Subtractor_Dataflow/Half_Subtractor_Dataflow_Wave.vhw \
      PB ieee/std_logic_1164 1132105529 PB ieee/std_logic_arith 1132105531 \
      PB ieee/STD_LOGIC_UNSIGNED 1132105537 PB ieee/STD_LOGIC_TEXTIO 1132105539 \
      PB std/textio 1132105521
AR work/Half_Subtractor_Dataflow_Wave/testbench_arch 1570354019 \
      FL D:/Xilinx/Half_Subtractor_Dataflow/Half_Subtractor_Dataflow_Wave.vhw \
      EN work/Half_Subtractor_Dataflow_Wave 1570354018 \
      CP Half_Subtractor_Dataflow_vhdl PB ieee/STD_LOGIC_TEXTIO 1132105539
FL D:/Xilinx/Half_Subtractor_Dataflow/Half_Subtractor_Dataflow_vhdl.vhd 2019/10/06.14:55:39 I.24
EN work/Half_Subtractor_Dataflow_vhdl 1570354016 \
      FL D:/Xilinx/Half_Subtractor_Dataflow/Half_Subtractor_Dataflow_vhdl.vhd \
      PB ieee/std_logic_1164 1132105529 PB ieee/std_logic_arith 1132105531 \
      PB ieee/STD_LOGIC_UNSIGNED 1132105537
AR work/Half_Subtractor_Dataflow_vhdl/DATAFLOW 1570354017 \
      FL D:/Xilinx/Half_Subtractor_Dataflow/Half_Subtractor_Dataflow_vhdl.vhd \
      EN work/Half_Subtractor_Dataflow_vhdl 1570354016
