V3 6
FL $XILINX/Full_Subtracter_Dataflow/Full_Subtracter_Dataflow_Vhdl.vhd 2019/10/06.01:38:41 I.24
EN work/Full_Subtracter_Dataflow_Vhdl 1570306336 \
      FL $XILINX/Full_Subtracter_Dataflow/Full_Subtracter_Dataflow_Vhdl.vhd \
      PB ieee/std_logic_1164 1131108373 PB ieee/std_logic_arith 1131108375 \
      PB ieee/STD_LOGIC_UNSIGNED 1131108379
AR work/Full_Subtracter_Dataflow_Vhdl/Behavioral 1570306337 \
      FL $XILINX/Full_Subtracter_Dataflow/Full_Subtracter_Dataflow_Vhdl.vhd \
      EN work/Full_Subtracter_Dataflow_Vhdl 1570306336
FL $XILINX/Full_Subtracter_Dataflow/Full_Adder_Dataflow_vhdl.vhd 2019/10/05.23:44:25 I.24
EN work/Full_Adder_Dataflow_vhdl 1570306239 \
      FL $XILINX/Full_Subtracter_Dataflow/Full_Adder_Dataflow_vhdl.vhd \
      PB ieee/std_logic_1164 1131108373 PB ieee/std_logic_arith 1131108375 \
      PB ieee/STD_LOGIC_UNSIGNED 1131108379
AR work/Full_Adder_Dataflow_vhdl/Behavioral 1570306240 \
      FL $XILINX/Full_Subtracter_Dataflow/Full_Adder_Dataflow_vhdl.vhd \
      EN work/Full_Adder_Dataflow_vhdl 1570306239
